nohup: ignoring input
yarn run v1.22.19
$ next start -p 80
ready - started server on 0.0.0.0:80, url: http://localhost:80
info  - Loaded env from /root/The.doctors-web-nextJs-front/.env.local
MissingStaticPage [Error]: Failed to load static file for page: /404 ENOENT: no such file or directory, open '/root/The.doctors-web-nextJs-front/.next/server/pages/404.html'
    at /root/The.doctors-web-nextJs-front/node_modules/next/dist/server/require.js:58:19
    at async Promise.all (index 2)
    at async Object.loadComponents (/root/The.doctors-web-nextJs-front/node_modules/next/dist/server/load-components.js:53:49)
    at async NextNodeServer.findPageComponents (/root/The.doctors-web-nextJs-front/node_modules/next/dist/server/next-server.js:428:36)
    at async NextNodeServer.renderErrorToResponse (/root/The.doctors-web-nextJs-front/node_modules/next/dist/server/base-server.js:1254:26)
    at async NextNodeServer.pipe (/root/The.doctors-web-nextJs-front/node_modules/next/dist/server/base-server.js:643:25)
    at async Object.fn (/root/The.doctors-web-nextJs-front/node_modules/next/dist/server/base-server.js:496:21)
    at async Router.execute (/root/The.doctors-web-nextJs-front/node_modules/next/dist/server/router.js:213:36)
    at async NextNodeServer.run (/root/The.doctors-web-nextJs-front/node_modules/next/dist/server/base-server.js:621:29)
    at async NextNodeServer.handleRequest (/root/The.doctors-web-nextJs-front/node_modules/next/dist/server/base-server.js:317:20)
MissingStaticPage [Error]: Failed to load static file for page: /404 ENOENT: no such file or directory, open '/root/The.doctors-web-nextJs-front/.next/server/pages/404.html'
    at /root/The.doctors-web-nextJs-front/node_modules/next/dist/server/require.js:58:19
    at async Promise.all (index 2)
    at async Object.loadComponents (/root/The.doctors-web-nextJs-front/node_modules/next/dist/server/load-components.js:53:49)
    at async NextNodeServer.findPageComponents (/root/The.doctors-web-nextJs-front/node_modules/next/dist/server/next-server.js:428:36)
    at async NextNodeServer.renderErrorToResponse (/root/The.doctors-web-nextJs-front/node_modules/next/dist/server/base-server.js:1254:26)
    at async NextNodeServer.pipe (/root/The.doctors-web-nextJs-front/node_modules/next/dist/server/base-server.js:643:25)
    at async Object.fn (/root/The.doctors-web-nextJs-front/node_modules/next/dist/server/base-server.js:496:21)
    at async Router.execute (/root/The.doctors-web-nextJs-front/node_modules/next/dist/server/router.js:213:36)
    at async NextNodeServer.run (/root/The.doctors-web-nextJs-front/node_modules/next/dist/server/base-server.js:621:29)
    at async NextNodeServer.handleRequest (/root/The.doctors-web-nextJs-front/node_modules/next/dist/server/base-server.js:317:20)
MissingStaticPage [Error]: Failed to load static file for page: /404 ENOENT: no such file or directory, open '/root/The.doctors-web-nextJs-front/.next/server/pages/404.html'
    at /root/The.doctors-web-nextJs-front/node_modules/next/dist/server/require.js:58:19
    at async Promise.all (index 2)
    at async Object.loadComponents (/root/The.doctors-web-nextJs-front/node_modules/next/dist/server/load-components.js:53:49)
    at async NextNodeServer.findPageComponents (/root/The.doctors-web-nextJs-front/node_modules/next/dist/server/next-server.js:428:36)
    at async NextNodeServer.renderErrorToResponse (/root/The.doctors-web-nextJs-front/node_modules/next/dist/server/base-server.js:1254:26)
    at async NextNodeServer.pipe (/root/The.doctors-web-nextJs-front/node_modules/next/dist/server/base-server.js:643:25)
    at async Object.fn (/root/The.doctors-web-nextJs-front/node_modules/next/dist/server/base-server.js:496:21)
    at async Router.execute (/root/The.doctors-web-nextJs-front/node_modules/next/dist/server/router.js:213:36)
    at async NextNodeServer.run (/root/The.doctors-web-nextJs-front/node_modules/next/dist/server/base-server.js:621:29)
    at async NextNodeServer.handleRequest (/root/The.doctors-web-nextJs-front/node_modules/next/dist/server/base-server.js:317:20)
MissingStaticPage [Error]: Failed to load static file for page: /404 ENOENT: no such file or directory, open '/root/The.doctors-web-nextJs-front/.next/server/pages/404.html'
    at /root/The.doctors-web-nextJs-front/node_modules/next/dist/server/require.js:58:19
    at async Promise.all (index 2)
    at async Object.loadComponents (/root/The.doctors-web-nextJs-front/node_modules/next/dist/server/load-components.js:53:49)
    at async NextNodeServer.findPageComponents (/root/The.doctors-web-nextJs-front/node_modules/next/dist/server/next-server.js:428:36)
    at async NextNodeServer.renderErrorToResponse (/root/The.doctors-web-nextJs-front/node_modules/next/dist/server/base-server.js:1254:26)
    at async NextNodeServer.pipe (/root/The.doctors-web-nextJs-front/node_modules/next/dist/server/base-server.js:643:25)
    at async Object.fn (/root/The.doctors-web-nextJs-front/node_modules/next/dist/server/base-server.js:496:21)
    at async Router.execute (/root/The.doctors-web-nextJs-front/node_modules/next/dist/server/router.js:213:36)
    at async NextNodeServer.run (/root/The.doctors-web-nextJs-front/node_modules/next/dist/server/base-server.js:621:29)
    at async NextNodeServer.handleRequest (/root/The.doctors-web-nextJs-front/node_modules/next/dist/server/base-server.js:317:20)
MissingStaticPage [Error]: Failed to load static file for page: /404 ENOENT: no such file or directory, open '/root/The.doctors-web-nextJs-front/.next/server/pages/404.html'
    at /root/The.doctors-web-nextJs-front/node_modules/next/dist/server/require.js:58:19
    at async Promise.all (index 2)
    at async Object.loadComponents (/root/The.doctors-web-nextJs-front/node_modules/next/dist/server/load-components.js:53:49)
    at async NextNodeServer.findPageComponents (/root/The.doctors-web-nextJs-front/node_modules/next/dist/server/next-server.js:428:36)
    at async NextNodeServer.renderErrorToResponse (/root/The.doctors-web-nextJs-front/node_modules/next/dist/server/base-server.js:1254:26)
    at async NextNodeServer.pipe (/root/The.doctors-web-nextJs-front/node_modules/next/dist/server/base-server.js:643:25)
    at async Object.fn (/root/The.doctors-web-nextJs-front/node_modules/next/dist/server/base-server.js:496:21)
    at async Router.execute (/root/The.doctors-web-nextJs-front/node_modules/next/dist/server/router.js:213:36)
    at async NextNodeServer.run (/root/The.doctors-web-nextJs-front/node_modules/next/dist/server/base-server.js:621:29)
    at async NextNodeServer.handleRequest (/root/The.doctors-web-nextJs-front/node_modules/next/dist/server/base-server.js:317:20)
MissingStaticPage [Error]: Failed to load static file for page: /404 ENOENT: no such file or directory, open '/root/The.doctors-web-nextJs-front/.next/server/pages/404.html'
    at /root/The.doctors-web-nextJs-front/node_modules/next/dist/server/require.js:58:19
    at async Promise.all (index 2)
    at async Object.loadComponents (/root/The.doctors-web-nextJs-front/node_modules/next/dist/server/load-components.js:53:49)
    at async NextNodeServer.findPageComponents (/root/The.doctors-web-nextJs-front/node_modules/next/dist/server/next-server.js:428:36)
    at async NextNodeServer.renderErrorToResponse (/root/The.doctors-web-nextJs-front/node_modules/next/dist/server/base-server.js:1254:26)
    at async NextNodeServer.pipe (/root/The.doctors-web-nextJs-front/node_modules/next/dist/server/base-server.js:643:25)
    at async Object.fn (/root/The.doctors-web-nextJs-front/node_modules/next/dist/server/base-server.js:496:21)
    at async Router.execute (/root/The.doctors-web-nextJs-front/node_modules/next/dist/server/router.js:213:36)
    at async NextNodeServer.run (/root/The.doctors-web-nextJs-front/node_modules/next/dist/server/base-server.js:621:29)
    at async NextNodeServer.handleRequest (/root/The.doctors-web-nextJs-front/node_modules/next/dist/server/base-server.js:317:20)
MissingStaticPage [Error]: Failed to load static file for page: /404 ENOENT: no such file or directory, open '/root/The.doctors-web-nextJs-front/.next/server/pages/404.html'
    at /root/The.doctors-web-nextJs-front/node_modules/next/dist/server/require.js:58:19
    at async Promise.all (index 2)
    at async Object.loadComponents (/root/The.doctors-web-nextJs-front/node_modules/next/dist/server/load-components.js:53:49)
    at async NextNodeServer.findPageComponents (/root/The.doctors-web-nextJs-front/node_modules/next/dist/server/next-server.js:428:36)
    at async NextNodeServer.renderErrorToResponse (/root/The.doctors-web-nextJs-front/node_modules/next/dist/server/base-server.js:1254:26)
    at async NextNodeServer.pipe (/root/The.doctors-web-nextJs-front/node_modules/next/dist/server/base-server.js:643:25)
    at async Object.fn (/root/The.doctors-web-nextJs-front/node_modules/next/dist/server/base-server.js:496:21)
    at async Router.execute (/root/The.doctors-web-nextJs-front/node_modules/next/dist/server/router.js:213:36)
    at async NextNodeServer.run (/root/The.doctors-web-nextJs-front/node_modules/next/dist/server/base-server.js:621:29)
    at async NextNodeServer.handleRequest (/root/The.doctors-web-nextJs-front/node_modules/next/dist/server/base-server.js:317:20)
MissingStaticPage [Error]: Failed to load static file for page: /404 ENOENT: no such file or directory, open '/root/The.doctors-web-nextJs-front/.next/server/pages/404.html'
    at /root/The.doctors-web-nextJs-front/node_modules/next/dist/server/require.js:58:19
    at async Promise.all (index 2)
    at async Object.loadComponents (/root/The.doctors-web-nextJs-front/node_modules/next/dist/server/load-components.js:53:49)
    at async NextNodeServer.findPageComponents (/root/The.doctors-web-nextJs-front/node_modules/next/dist/server/next-server.js:428:36)
    at async NextNodeServer.renderErrorToResponse (/root/The.doctors-web-nextJs-front/node_modules/next/dist/server/base-server.js:1254:26)
    at async NextNodeServer.pipe (/root/The.doctors-web-nextJs-front/node_modules/next/dist/server/base-server.js:643:25)
    at async Object.fn (/root/The.doctors-web-nextJs-front/node_modules/next/dist/server/base-server.js:496:21)
    at async Router.execute (/root/The.doctors-web-nextJs-front/node_modules/next/dist/server/router.js:213:36)
    at async NextNodeServer.run (/root/The.doctors-web-nextJs-front/node_modules/next/dist/server/base-server.js:621:29)
    at async NextNodeServer.handleRequest (/root/The.doctors-web-nextJs-front/node_modules/next/dist/server/base-server.js:317:20)
MissingStaticPage [Error]: Failed to load static file for page: /404 ENOENT: no such file or directory, open '/root/The.doctors-web-nextJs-front/.next/server/pages/404.html'
    at /root/The.doctors-web-nextJs-front/node_modules/next/dist/server/require.js:58:19
    at async Promise.all (index 2)
    at async Object.loadComponents (/root/The.doctors-web-nextJs-front/node_modules/next/dist/server/load-components.js:53:49)
    at async NextNodeServer.findPageComponents (/root/The.doctors-web-nextJs-front/node_modules/next/dist/server/next-server.js:428:36)
    at async NextNodeServer.renderErrorToResponse (/root/The.doctors-web-nextJs-front/node_modules/next/dist/server/base-server.js:1254:26)
    at async NextNodeServer.pipe (/root/The.doctors-web-nextJs-front/node_modules/next/dist/server/base-server.js:643:25)
    at async Object.fn (/root/The.doctors-web-nextJs-front/node_modules/next/dist/server/base-server.js:496:21)
    at async Router.execute (/root/The.doctors-web-nextJs-front/node_modules/next/dist/server/router.js:213:36)
    at async NextNodeServer.run (/root/The.doctors-web-nextJs-front/node_modules/next/dist/server/base-server.js:621:29)
    at async NextNodeServer.handleRequest (/root/The.doctors-web-nextJs-front/node_modules/next/dist/server/base-server.js:317:20)
MissingStaticPage [Error]: Failed to load static file for page: /404 ENOENT: no such file or directory, open '/root/The.doctors-web-nextJs-front/.next/server/pages/404.html'
    at /root/The.doctors-web-nextJs-front/node_modules/next/dist/server/require.js:58:19
    at async Promise.all (index 2)
    at async Object.loadComponents (/root/The.doctors-web-nextJs-front/node_modules/next/dist/server/load-components.js:53:49)
    at async NextNodeServer.findPageComponents (/root/The.doctors-web-nextJs-front/node_modules/next/dist/server/next-server.js:428:36)
    at async NextNodeServer.renderErrorToResponse (/root/The.doctors-web-nextJs-front/node_modules/next/dist/server/base-server.js:1254:26)
    at async NextNodeServer.pipe (/root/The.doctors-web-nextJs-front/node_modules/next/dist/server/base-server.js:643:25)
    at async Object.fn (/root/The.doctors-web-nextJs-front/node_modules/next/dist/server/base-server.js:496:21)
    at async Router.execute (/root/The.doctors-web-nextJs-front/node_modules/next/dist/server/router.js:213:36)
    at async NextNodeServer.run (/root/The.doctors-web-nextJs-front/node_modules/next/dist/server/base-server.js:621:29)
    at async NextNodeServer.handleRequest (/root/The.doctors-web-nextJs-front/node_modules/next/dist/server/base-server.js:317:20)
MissingStaticPage [Error]: Failed to load static file for page: /404 ENOENT: no such file or directory, open '/root/The.doctors-web-nextJs-front/.next/server/pages/404.html'
    at /root/The.doctors-web-nextJs-front/node_modules/next/dist/server/require.js:58:19
    at async Promise.all (index 2)
    at async Object.loadComponents (/root/The.doctors-web-nextJs-front/node_modules/next/dist/server/load-components.js:53:49)
    at async NextNodeServer.findPageComponents (/root/The.doctors-web-nextJs-front/node_modules/next/dist/server/next-server.js:428:36)
    at async NextNodeServer.renderErrorToResponse (/root/The.doctors-web-nextJs-front/node_modules/next/dist/server/base-server.js:1254:26)
    at async NextNodeServer.pipe (/root/The.doctors-web-nextJs-front/node_modules/next/dist/server/base-server.js:643:25)
    at async Object.fn (/root/The.doctors-web-nextJs-front/node_modules/next/dist/server/base-server.js:496:21)
    at async Router.execute (/root/The.doctors-web-nextJs-front/node_modules/next/dist/server/router.js:213:36)
    at async NextNodeServer.run (/root/The.doctors-web-nextJs-front/node_modules/next/dist/server/base-server.js:621:29)
    at async NextNodeServer.handleRequest (/root/The.doctors-web-nextJs-front/node_modules/next/dist/server/base-server.js:317:20)
MissingStaticPage [Error]: Failed to load static file for page: /404 ENOENT: no such file or directory, open '/root/The.doctors-web-nextJs-front/.next/server/pages/404.html'
    at /root/The.doctors-web-nextJs-front/node_modules/next/dist/server/require.js:58:19
    at async Promise.all (index 2)
    at async Object.loadComponents (/root/The.doctors-web-nextJs-front/node_modules/next/dist/server/load-components.js:53:49)
    at async NextNodeServer.findPageComponents (/root/The.doctors-web-nextJs-front/node_modules/next/dist/server/next-server.js:428:36)
    at async NextNodeServer.renderErrorToResponse (/root/The.doctors-web-nextJs-front/node_modules/next/dist/server/base-server.js:1254:26)
    at async NextNodeServer.pipe (/root/The.doctors-web-nextJs-front/node_modules/next/dist/server/base-server.js:643:25)
    at async Object.fn (/root/The.doctors-web-nextJs-front/node_modules/next/dist/server/base-server.js:496:21)
    at async Router.execute (/root/The.doctors-web-nextJs-front/node_modules/next/dist/server/router.js:213:36)
    at async NextNodeServer.run (/root/The.doctors-web-nextJs-front/node_modules/next/dist/server/base-server.js:621:29)
    at async NextNodeServer.handleRequest (/root/The.doctors-web-nextJs-front/node_modules/next/dist/server/base-server.js:317:20)
MissingStaticPage [Error]: Failed to load static file for page: /404 ENOENT: no such file or directory, open '/root/The.doctors-web-nextJs-front/.next/server/pages/404.html'
    at /root/The.doctors-web-nextJs-front/node_modules/next/dist/server/require.js:58:19
    at async Promise.all (index 2)
    at async Object.loadComponents (/root/The.doctors-web-nextJs-front/node_modules/next/dist/server/load-components.js:53:49)
    at async NextNodeServer.findPageComponents (/root/The.doctors-web-nextJs-front/node_modules/next/dist/server/next-server.js:428:36)
    at async NextNodeServer.renderErrorToResponse (/root/The.doctors-web-nextJs-front/node_modules/next/dist/server/base-server.js:1254:26)
    at async NextNodeServer.pipe (/root/The.doctors-web-nextJs-front/node_modules/next/dist/server/base-server.js:643:25)
    at async Object.fn (/root/The.doctors-web-nextJs-front/node_modules/next/dist/server/base-server.js:496:21)
    at async Router.execute (/root/The.doctors-web-nextJs-front/node_modules/next/dist/server/router.js:213:36)
    at async NextNodeServer.run (/root/The.doctors-web-nextJs-front/node_modules/next/dist/server/base-server.js:621:29)
    at async NextNodeServer.handleRequest (/root/The.doctors-web-nextJs-front/node_modules/next/dist/server/base-server.js:317:20)
MissingStaticPage [Error]: Failed to load static file for page: /404 ENOENT: no such file or directory, open '/root/The.doctors-web-nextJs-front/.next/server/pages/404.html'
    at /root/The.doctors-web-nextJs-front/node_modules/next/dist/server/require.js:58:19
    at async Promise.all (index 2)
    at async Object.loadComponents (/root/The.doctors-web-nextJs-front/node_modules/next/dist/server/load-components.js:53:49)
    at async NextNodeServer.findPageComponents (/root/The.doctors-web-nextJs-front/node_modules/next/dist/server/next-server.js:428:36)
    at async NextNodeServer.renderErrorToResponse (/root/The.doctors-web-nextJs-front/node_modules/next/dist/server/base-server.js:1254:26)
    at async NextNodeServer.pipe (/root/The.doctors-web-nextJs-front/node_modules/next/dist/server/base-server.js:643:25)
    at async Object.fn (/root/The.doctors-web-nextJs-front/node_modules/next/dist/server/base-server.js:496:21)
    at async Router.execute (/root/The.doctors-web-nextJs-front/node_modules/next/dist/server/router.js:213:36)
    at async NextNodeServer.run (/root/The.doctors-web-nextJs-front/node_modules/next/dist/server/base-server.js:621:29)
    at async NextNodeServer.handleRequest (/root/The.doctors-web-nextJs-front/node_modules/next/dist/server/base-server.js:317:20)
MissingStaticPage [Error]: Failed to load static file for page: /404 ENOENT: no such file or directory, open '/root/The.doctors-web-nextJs-front/.next/server/pages/404.html'
    at /root/The.doctors-web-nextJs-front/node_modules/next/dist/server/require.js:58:19
    at async Promise.all (index 2)
    at async Object.loadComponents (/root/The.doctors-web-nextJs-front/node_modules/next/dist/server/load-components.js:53:49)
    at async NextNodeServer.findPageComponents (/root/The.doctors-web-nextJs-front/node_modules/next/dist/server/next-server.js:428:36)
    at async NextNodeServer.renderErrorToResponse (/root/The.doctors-web-nextJs-front/node_modules/next/dist/server/base-server.js:1254:26)
    at async NextNodeServer.pipe (/root/The.doctors-web-nextJs-front/node_modules/next/dist/server/base-server.js:643:25)
    at async Object.fn (/root/The.doctors-web-nextJs-front/node_modules/next/dist/server/base-server.js:496:21)
    at async Router.execute (/root/The.doctors-web-nextJs-front/node_modules/next/dist/server/router.js:213:36)
    at async NextNodeServer.run (/root/The.doctors-web-nextJs-front/node_modules/next/dist/server/base-server.js:621:29)
    at async NextNodeServer.handleRequest (/root/The.doctors-web-nextJs-front/node_modules/next/dist/server/base-server.js:317:20)
MissingStaticPage [Error]: Failed to load static file for page: /404 ENOENT: no such file or directory, open '/root/The.doctors-web-nextJs-front/.next/server/pages/404.html'
    at /root/The.doctors-web-nextJs-front/node_modules/next/dist/server/require.js:58:19
    at async Promise.all (index 2)
    at async Object.loadComponents (/root/The.doctors-web-nextJs-front/node_modules/next/dist/server/load-components.js:53:49)
    at async NextNodeServer.findPageComponents (/root/The.doctors-web-nextJs-front/node_modules/next/dist/server/next-server.js:428:36)
    at async NextNodeServer.renderErrorToResponse (/root/The.doctors-web-nextJs-front/node_modules/next/dist/server/base-server.js:1254:26)
    at async NextNodeServer.pipe (/root/The.doctors-web-nextJs-front/node_modules/next/dist/server/base-server.js:643:25)
    at async Object.fn (/root/The.doctors-web-nextJs-front/node_modules/next/dist/server/base-server.js:496:21)
    at async Router.execute (/root/The.doctors-web-nextJs-front/node_modules/next/dist/server/router.js:213:36)
    at async NextNodeServer.run (/root/The.doctors-web-nextJs-front/node_modules/next/dist/server/base-server.js:621:29)
    at async NextNodeServer.handleRequest (/root/The.doctors-web-nextJs-front/node_modules/next/dist/server/base-server.js:317:20)
MissingStaticPage [Error]: Failed to load static file for page: /404 ENOENT: no such file or directory, open '/root/The.doctors-web-nextJs-front/.next/server/pages/404.html'
    at /root/The.doctors-web-nextJs-front/node_modules/next/dist/server/require.js:58:19
    at async Promise.all (index 2)
    at async Object.loadComponents (/root/The.doctors-web-nextJs-front/node_modules/next/dist/server/load-components.js:53:49)
    at async NextNodeServer.findPageComponents (/root/The.doctors-web-nextJs-front/node_modules/next/dist/server/next-server.js:428:36)
    at async NextNodeServer.renderErrorToResponse (/root/The.doctors-web-nextJs-front/node_modules/next/dist/server/base-server.js:1254:26)
    at async NextNodeServer.pipe (/root/The.doctors-web-nextJs-front/node_modules/next/dist/server/base-server.js:643:25)
    at async Object.fn (/root/The.doctors-web-nextJs-front/node_modules/next/dist/server/base-server.js:496:21)
    at async Router.execute (/root/The.doctors-web-nextJs-front/node_modules/next/dist/server/router.js:213:36)
    at async NextNodeServer.run (/root/The.doctors-web-nextJs-front/node_modules/next/dist/server/base-server.js:621:29)
    at async NextNodeServer.handleRequest (/root/The.doctors-web-nextJs-front/node_modules/next/dist/server/base-server.js:317:20)
MissingStaticPage [Error]: Failed to load static file for page: /404 ENOENT: no such file or directory, open '/root/The.doctors-web-nextJs-front/.next/server/pages/404.html'
    at /root/The.doctors-web-nextJs-front/node_modules/next/dist/server/require.js:58:19
    at async Promise.all (index 2)
    at async Object.loadComponents (/root/The.doctors-web-nextJs-front/node_modules/next/dist/server/load-components.js:53:49)
    at async NextNodeServer.findPageComponents (/root/The.doctors-web-nextJs-front/node_modules/next/dist/server/next-server.js:428:36)
    at async NextNodeServer.renderErrorToResponse (/root/The.doctors-web-nextJs-front/node_modules/next/dist/server/base-server.js:1254:26)
    at async NextNodeServer.pipe (/root/The.doctors-web-nextJs-front/node_modules/next/dist/server/base-server.js:643:25)
    at async Object.fn (/root/The.doctors-web-nextJs-front/node_modules/next/dist/server/base-server.js:496:21)
    at async Router.execute (/root/The.doctors-web-nextJs-front/node_modules/next/dist/server/router.js:213:36)
    at async NextNodeServer.run (/root/The.doctors-web-nextJs-front/node_modules/next/dist/server/base-server.js:621:29)
    at async NextNodeServer.handleRequest (/root/The.doctors-web-nextJs-front/node_modules/next/dist/server/base-server.js:317:20)
MissingStaticPage [Error]: Failed to load static file for page: /404 ENOENT: no such file or directory, open '/root/The.doctors-web-nextJs-front/.next/server/pages/404.html'
    at /root/The.doctors-web-nextJs-front/node_modules/next/dist/server/require.js:58:19
    at async Promise.all (index 2)
    at async Object.loadComponents (/root/The.doctors-web-nextJs-front/node_modules/next/dist/server/load-components.js:53:49)
    at async NextNodeServer.findPageComponents (/root/The.doctors-web-nextJs-front/node_modules/next/dist/server/next-server.js:428:36)
    at async NextNodeServer.renderErrorToResponse (/root/The.doctors-web-nextJs-front/node_modules/next/dist/server/base-server.js:1254:26)
    at async NextNodeServer.pipe (/root/The.doctors-web-nextJs-front/node_modules/next/dist/server/base-server.js:643:25)
    at async Object.fn (/root/The.doctors-web-nextJs-front/node_modules/next/dist/server/base-server.js:496:21)
    at async Router.execute (/root/The.doctors-web-nextJs-front/node_modules/next/dist/server/router.js:213:36)
    at async NextNodeServer.run (/root/The.doctors-web-nextJs-front/node_modules/next/dist/server/base-server.js:621:29)
    at async NextNodeServer.handleRequest (/root/The.doctors-web-nextJs-front/node_modules/next/dist/server/base-server.js:317:20)
MissingStaticPage [Error]: Failed to load static file for page: /404 ENOENT: no such file or directory, open '/root/The.doctors-web-nextJs-front/.next/server/pages/404.html'
    at /root/The.doctors-web-nextJs-front/node_modules/next/dist/server/require.js:58:19
    at async Promise.all (index 2)
    at async Object.loadComponents (/root/The.doctors-web-nextJs-front/node_modules/next/dist/server/load-components.js:53:49)
    at async NextNodeServer.findPageComponents (/root/The.doctors-web-nextJs-front/node_modules/next/dist/server/next-server.js:428:36)
    at async NextNodeServer.renderErrorToResponse (/root/The.doctors-web-nextJs-front/node_modules/next/dist/server/base-server.js:1254:26)
    at async NextNodeServer.pipe (/root/The.doctors-web-nextJs-front/node_modules/next/dist/server/base-server.js:643:25)
    at async Object.fn (/root/The.doctors-web-nextJs-front/node_modules/next/dist/server/base-server.js:496:21)
    at async Router.execute (/root/The.doctors-web-nextJs-front/node_modules/next/dist/server/router.js:213:36)
    at async NextNodeServer.run (/root/The.doctors-web-nextJs-front/node_modules/next/dist/server/base-server.js:621:29)
    at async NextNodeServer.handleRequest (/root/The.doctors-web-nextJs-front/node_modules/next/dist/server/base-server.js:317:20)
MissingStaticPage [Error]: Failed to load static file for page: /404 ENOENT: no such file or directory, open '/root/The.doctors-web-nextJs-front/.next/server/pages/404.html'
    at /root/The.doctors-web-nextJs-front/node_modules/next/dist/server/require.js:58:19
    at async Promise.all (index 2)
    at async Object.loadComponents (/root/The.doctors-web-nextJs-front/node_modules/next/dist/server/load-components.js:53:49)
    at async NextNodeServer.findPageComponents (/root/The.doctors-web-nextJs-front/node_modules/next/dist/server/next-server.js:428:36)
    at async NextNodeServer.renderErrorToResponse (/root/The.doctors-web-nextJs-front/node_modules/next/dist/server/base-server.js:1254:26)
    at async NextNodeServer.pipe (/root/The.doctors-web-nextJs-front/node_modules/next/dist/server/base-server.js:643:25)
    at async Object.fn (/root/The.doctors-web-nextJs-front/node_modules/next/dist/server/base-server.js:496:21)
    at async Router.execute (/root/The.doctors-web-nextJs-front/node_modules/next/dist/server/router.js:213:36)
    at async NextNodeServer.run (/root/The.doctors-web-nextJs-front/node_modules/next/dist/server/base-server.js:621:29)
    at async NextNodeServer.handleRequest (/root/The.doctors-web-nextJs-front/node_modules/next/dist/server/base-server.js:317:20)
MissingStaticPage [Error]: Failed to load static file for page: /404 ENOENT: no such file or directory, open '/root/The.doctors-web-nextJs-front/.next/server/pages/404.html'
    at /root/The.doctors-web-nextJs-front/node_modules/next/dist/server/require.js:58:19
    at async Promise.all (index 2)
    at async Object.loadComponents (/root/The.doctors-web-nextJs-front/node_modules/next/dist/server/load-components.js:53:49)
    at async NextNodeServer.findPageComponents (/root/The.doctors-web-nextJs-front/node_modules/next/dist/server/next-server.js:428:36)
    at async NextNodeServer.renderErrorToResponse (/root/The.doctors-web-nextJs-front/node_modules/next/dist/server/base-server.js:1254:26)
    at async NextNodeServer.pipe (/root/The.doctors-web-nextJs-front/node_modules/next/dist/server/base-server.js:643:25)
    at async Object.fn (/root/The.doctors-web-nextJs-front/node_modules/next/dist/server/base-server.js:496:21)
    at async Router.execute (/root/The.doctors-web-nextJs-front/node_modules/next/dist/server/router.js:213:36)
    at async NextNodeServer.run (/root/The.doctors-web-nextJs-front/node_modules/next/dist/server/base-server.js:621:29)
    at async NextNodeServer.handleRequest (/root/The.doctors-web-nextJs-front/node_modules/next/dist/server/base-server.js:317:20)
MissingStaticPage [Error]: Failed to load static file for page: /404 ENOENT: no such file or directory, open '/root/The.doctors-web-nextJs-front/.next/server/pages/404.html'
    at /root/The.doctors-web-nextJs-front/node_modules/next/dist/server/require.js:58:19
    at async Promise.all (index 2)
    at async Object.loadComponents (/root/The.doctors-web-nextJs-front/node_modules/next/dist/server/load-components.js:53:49)
    at async NextNodeServer.findPageComponents (/root/The.doctors-web-nextJs-front/node_modules/next/dist/server/next-server.js:428:36)
    at async NextNodeServer.renderErrorToResponse (/root/The.doctors-web-nextJs-front/node_modules/next/dist/server/base-server.js:1254:26)
    at async NextNodeServer.pipe (/root/The.doctors-web-nextJs-front/node_modules/next/dist/server/base-server.js:643:25)
    at async Object.fn (/root/The.doctors-web-nextJs-front/node_modules/next/dist/server/base-server.js:496:21)
    at async Router.execute (/root/The.doctors-web-nextJs-front/node_modules/next/dist/server/router.js:213:36)
    at async NextNodeServer.run (/root/The.doctors-web-nextJs-front/node_modules/next/dist/server/base-server.js:621:29)
    at async NextNodeServer.handleRequest (/root/The.doctors-web-nextJs-front/node_modules/next/dist/server/base-server.js:317:20)
MissingStaticPage [Error]: Failed to load static file for page: /404 ENOENT: no such file or directory, open '/root/The.doctors-web-nextJs-front/.next/server/pages/404.html'
    at /root/The.doctors-web-nextJs-front/node_modules/next/dist/server/require.js:58:19
    at async Promise.all (index 2)
    at async Object.loadComponents (/root/The.doctors-web-nextJs-front/node_modules/next/dist/server/load-components.js:53:49)
    at async NextNodeServer.findPageComponents (/root/The.doctors-web-nextJs-front/node_modules/next/dist/server/next-server.js:428:36)
    at async NextNodeServer.renderErrorToResponse (/root/The.doctors-web-nextJs-front/node_modules/next/dist/server/base-server.js:1254:26)
    at async NextNodeServer.pipe (/root/The.doctors-web-nextJs-front/node_modules/next/dist/server/base-server.js:643:25)
    at async Object.fn (/root/The.doctors-web-nextJs-front/node_modules/next/dist/server/base-server.js:496:21)
    at async Router.execute (/root/The.doctors-web-nextJs-front/node_modules/next/dist/server/router.js:213:36)
    at async NextNodeServer.run (/root/The.doctors-web-nextJs-front/node_modules/next/dist/server/base-server.js:621:29)
    at async NextNodeServer.handleRequest (/root/The.doctors-web-nextJs-front/node_modules/next/dist/server/base-server.js:317:20)
MissingStaticPage [Error]: Failed to load static file for page: /404 ENOENT: no such file or directory, open '/root/The.doctors-web-nextJs-front/.next/server/pages/404.html'
    at /root/The.doctors-web-nextJs-front/node_modules/next/dist/server/require.js:58:19
    at async Promise.all (index 2)
    at async Object.loadComponents (/root/The.doctors-web-nextJs-front/node_modules/next/dist/server/load-components.js:53:49)
    at async NextNodeServer.findPageComponents (/root/The.doctors-web-nextJs-front/node_modules/next/dist/server/next-server.js:428:36)
    at async NextNodeServer.renderErrorToResponse (/root/The.doctors-web-nextJs-front/node_modules/next/dist/server/base-server.js:1254:26)
    at async NextNodeServer.pipe (/root/The.doctors-web-nextJs-front/node_modules/next/dist/server/base-server.js:643:25)
    at async Object.fn (/root/The.doctors-web-nextJs-front/node_modules/next/dist/server/base-server.js:496:21)
    at async Router.execute (/root/The.doctors-web-nextJs-front/node_modules/next/dist/server/router.js:213:36)
    at async NextNodeServer.run (/root/The.doctors-web-nextJs-front/node_modules/next/dist/server/base-server.js:621:29)
    at async NextNodeServer.handleRequest (/root/The.doctors-web-nextJs-front/node_modules/next/dist/server/base-server.js:317:20)
MissingStaticPage [Error]: Failed to load static file for page: /404 ENOENT: no such file or directory, open '/root/The.doctors-web-nextJs-front/.next/server/pages/404.html'
    at /root/The.doctors-web-nextJs-front/node_modules/next/dist/server/require.js:58:19
    at async Promise.all (index 2)
    at async Object.loadComponents (/root/The.doctors-web-nextJs-front/node_modules/next/dist/server/load-components.js:53:49)
    at async NextNodeServer.findPageComponents (/root/The.doctors-web-nextJs-front/node_modules/next/dist/server/next-server.js:428:36)
    at async NextNodeServer.renderErrorToResponse (/root/The.doctors-web-nextJs-front/node_modules/next/dist/server/base-server.js:1254:26)
    at async NextNodeServer.pipe (/root/The.doctors-web-nextJs-front/node_modules/next/dist/server/base-server.js:643:25)
    at async Object.fn (/root/The.doctors-web-nextJs-front/node_modules/next/dist/server/base-server.js:496:21)
    at async Router.execute (/root/The.doctors-web-nextJs-front/node_modules/next/dist/server/router.js:213:36)
    at async NextNodeServer.run (/root/The.doctors-web-nextJs-front/node_modules/next/dist/server/base-server.js:621:29)
    at async NextNodeServer.handleRequest (/root/The.doctors-web-nextJs-front/node_modules/next/dist/server/base-server.js:317:20)
MissingStaticPage [Error]: Failed to load static file for page: /404 ENOENT: no such file or directory, open '/root/The.doctors-web-nextJs-front/.next/server/pages/404.html'
    at /root/The.doctors-web-nextJs-front/node_modules/next/dist/server/require.js:58:19
    at async Promise.all (index 2)
    at async Object.loadComponents (/root/The.doctors-web-nextJs-front/node_modules/next/dist/server/load-components.js:53:49)
    at async NextNodeServer.findPageComponents (/root/The.doctors-web-nextJs-front/node_modules/next/dist/server/next-server.js:428:36)
    at async NextNodeServer.renderErrorToResponse (/root/The.doctors-web-nextJs-front/node_modules/next/dist/server/base-server.js:1254:26)
    at async NextNodeServer.pipe (/root/The.doctors-web-nextJs-front/node_modules/next/dist/server/base-server.js:643:25)
    at async Object.fn (/root/The.doctors-web-nextJs-front/node_modules/next/dist/server/base-server.js:496:21)
    at async Router.execute (/root/The.doctors-web-nextJs-front/node_modules/next/dist/server/router.js:213:36)
    at async NextNodeServer.run (/root/The.doctors-web-nextJs-front/node_modules/next/dist/server/base-server.js:621:29)
    at async NextNodeServer.handleRequest (/root/The.doctors-web-nextJs-front/node_modules/next/dist/server/base-server.js:317:20)
MissingStaticPage [Error]: Failed to load static file for page: /404 ENOENT: no such file or directory, open '/root/The.doctors-web-nextJs-front/.next/server/pages/404.html'
    at /root/The.doctors-web-nextJs-front/node_modules/next/dist/server/require.js:58:19
    at async Promise.all (index 2)
    at async Object.loadComponents (/root/The.doctors-web-nextJs-front/node_modules/next/dist/server/load-components.js:53:49)
    at async NextNodeServer.findPageComponents (/root/The.doctors-web-nextJs-front/node_modules/next/dist/server/next-server.js:428:36)
    at async NextNodeServer.renderErrorToResponse (/root/The.doctors-web-nextJs-front/node_modules/next/dist/server/base-server.js:1254:26)
    at async NextNodeServer.pipe (/root/The.doctors-web-nextJs-front/node_modules/next/dist/server/base-server.js:643:25)
    at async Object.fn (/root/The.doctors-web-nextJs-front/node_modules/next/dist/server/base-server.js:496:21)
    at async Router.execute (/root/The.doctors-web-nextJs-front/node_modules/next/dist/server/router.js:213:36)
    at async NextNodeServer.run (/root/The.doctors-web-nextJs-front/node_modules/next/dist/server/base-server.js:621:29)
    at async NextNodeServer.handleRequest (/root/The.doctors-web-nextJs-front/node_modules/next/dist/server/base-server.js:317:20)
MissingStaticPage [Error]: Failed to load static file for page: /404 ENOENT: no such file or directory, open '/root/The.doctors-web-nextJs-front/.next/server/pages/404.html'
    at /root/The.doctors-web-nextJs-front/node_modules/next/dist/server/require.js:58:19
    at async Promise.all (index 2)
    at async Object.loadComponents (/root/The.doctors-web-nextJs-front/node_modules/next/dist/server/load-components.js:53:49)
    at async NextNodeServer.findPageComponents (/root/The.doctors-web-nextJs-front/node_modules/next/dist/server/next-server.js:428:36)
    at async NextNodeServer.renderErrorToResponse (/root/The.doctors-web-nextJs-front/node_modules/next/dist/server/base-server.js:1254:26)
    at async NextNodeServer.pipe (/root/The.doctors-web-nextJs-front/node_modules/next/dist/server/base-server.js:643:25)
    at async Object.fn (/root/The.doctors-web-nextJs-front/node_modules/next/dist/server/base-server.js:496:21)
    at async Router.execute (/root/The.doctors-web-nextJs-front/node_modules/next/dist/server/router.js:213:36)
    at async NextNodeServer.run (/root/The.doctors-web-nextJs-front/node_modules/next/dist/server/base-server.js:621:29)
    at async NextNodeServer.handleRequest (/root/The.doctors-web-nextJs-front/node_modules/next/dist/server/base-server.js:317:20)
MissingStaticPage [Error]: Failed to load static file for page: /404 ENOENT: no such file or directory, open '/root/The.doctors-web-nextJs-front/.next/server/pages/404.html'
    at /root/The.doctors-web-nextJs-front/node_modules/next/dist/server/require.js:58:19
    at async Promise.all (index 2)
    at async Object.loadComponents (/root/The.doctors-web-nextJs-front/node_modules/next/dist/server/load-components.js:53:49)
    at async NextNodeServer.findPageComponents (/root/The.doctors-web-nextJs-front/node_modules/next/dist/server/next-server.js:428:36)
    at async NextNodeServer.renderErrorToResponse (/root/The.doctors-web-nextJs-front/node_modules/next/dist/server/base-server.js:1254:26)
    at async NextNodeServer.pipe (/root/The.doctors-web-nextJs-front/node_modules/next/dist/server/base-server.js:643:25)
    at async Object.fn (/root/The.doctors-web-nextJs-front/node_modules/next/dist/server/base-server.js:496:21)
    at async Router.execute (/root/The.doctors-web-nextJs-front/node_modules/next/dist/server/router.js:213:36)
    at async NextNodeServer.run (/root/The.doctors-web-nextJs-front/node_modules/next/dist/server/base-server.js:621:29)
    at async NextNodeServer.handleRequest (/root/The.doctors-web-nextJs-front/node_modules/next/dist/server/base-server.js:317:20)
MissingStaticPage [Error]: Failed to load static file for page: /404 ENOENT: no such file or directory, open '/root/The.doctors-web-nextJs-front/.next/server/pages/404.html'
    at /root/The.doctors-web-nextJs-front/node_modules/next/dist/server/require.js:58:19
    at async Promise.all (index 2)
    at async Object.loadComponents (/root/The.doctors-web-nextJs-front/node_modules/next/dist/server/load-components.js:53:49)
    at async NextNodeServer.findPageComponents (/root/The.doctors-web-nextJs-front/node_modules/next/dist/server/next-server.js:428:36)
    at async NextNodeServer.renderErrorToResponse (/root/The.doctors-web-nextJs-front/node_modules/next/dist/server/base-server.js:1254:26)
    at async NextNodeServer.pipe (/root/The.doctors-web-nextJs-front/node_modules/next/dist/server/base-server.js:643:25)
    at async Object.fn (/root/The.doctors-web-nextJs-front/node_modules/next/dist/server/base-server.js:496:21)
    at async Router.execute (/root/The.doctors-web-nextJs-front/node_modules/next/dist/server/router.js:213:36)
    at async NextNodeServer.run (/root/The.doctors-web-nextJs-front/node_modules/next/dist/server/base-server.js:621:29)
    at async NextNodeServer.handleRequest (/root/The.doctors-web-nextJs-front/node_modules/next/dist/server/base-server.js:317:20)
MissingStaticPage [Error]: Failed to load static file for page: /404 ENOENT: no such file or directory, open '/root/The.doctors-web-nextJs-front/.next/server/pages/404.html'
    at /root/The.doctors-web-nextJs-front/node_modules/next/dist/server/require.js:58:19
    at async Promise.all (index 2)
    at async Object.loadComponents (/root/The.doctors-web-nextJs-front/node_modules/next/dist/server/load-components.js:53:49)
    at async NextNodeServer.findPageComponents (/root/The.doctors-web-nextJs-front/node_modules/next/dist/server/next-server.js:428:36)
    at async NextNodeServer.renderErrorToResponse (/root/The.doctors-web-nextJs-front/node_modules/next/dist/server/base-server.js:1254:26)
    at async NextNodeServer.pipe (/root/The.doctors-web-nextJs-front/node_modules/next/dist/server/base-server.js:643:25)
    at async Object.fn (/root/The.doctors-web-nextJs-front/node_modules/next/dist/server/base-server.js:496:21)
    at async Router.execute (/root/The.doctors-web-nextJs-front/node_modules/next/dist/server/router.js:213:36)
    at async NextNodeServer.run (/root/The.doctors-web-nextJs-front/node_modules/next/dist/server/base-server.js:621:29)
    at async NextNodeServer.handleRequest (/root/The.doctors-web-nextJs-front/node_modules/next/dist/server/base-server.js:317:20)
MissingStaticPage [Error]: Failed to load static file for page: /404 ENOENT: no such file or directory, open '/root/The.doctors-web-nextJs-front/.next/server/pages/404.html'
    at /root/The.doctors-web-nextJs-front/node_modules/next/dist/server/require.js:58:19
    at async Promise.all (index 2)
    at async Object.loadComponents (/root/The.doctors-web-nextJs-front/node_modules/next/dist/server/load-components.js:53:49)
    at async NextNodeServer.findPageComponents (/root/The.doctors-web-nextJs-front/node_modules/next/dist/server/next-server.js:428:36)
    at async NextNodeServer.renderErrorToResponse (/root/The.doctors-web-nextJs-front/node_modules/next/dist/server/base-server.js:1254:26)
    at async NextNodeServer.pipe (/root/The.doctors-web-nextJs-front/node_modules/next/dist/server/base-server.js:643:25)
    at async Object.fn (/root/The.doctors-web-nextJs-front/node_modules/next/dist/server/base-server.js:496:21)
    at async Router.execute (/root/The.doctors-web-nextJs-front/node_modules/next/dist/server/router.js:213:36)
    at async NextNodeServer.run (/root/The.doctors-web-nextJs-front/node_modules/next/dist/server/base-server.js:621:29)
    at async NextNodeServer.handleRequest (/root/The.doctors-web-nextJs-front/node_modules/next/dist/server/base-server.js:317:20)
MissingStaticPage [Error]: Failed to load static file for page: /404 ENOENT: no such file or directory, open '/root/The.doctors-web-nextJs-front/.next/server/pages/404.html'
    at /root/The.doctors-web-nextJs-front/node_modules/next/dist/server/require.js:58:19
    at async Promise.all (index 2)
    at async Object.loadComponents (/root/The.doctors-web-nextJs-front/node_modules/next/dist/server/load-components.js:53:49)
    at async NextNodeServer.findPageComponents (/root/The.doctors-web-nextJs-front/node_modules/next/dist/server/next-server.js:428:36)
    at async NextNodeServer.renderErrorToResponse (/root/The.doctors-web-nextJs-front/node_modules/next/dist/server/base-server.js:1254:26)
    at async NextNodeServer.pipe (/root/The.doctors-web-nextJs-front/node_modules/next/dist/server/base-server.js:643:25)
    at async Object.fn (/root/The.doctors-web-nextJs-front/node_modules/next/dist/server/base-server.js:496:21)
    at async Router.execute (/root/The.doctors-web-nextJs-front/node_modules/next/dist/server/router.js:213:36)
    at async NextNodeServer.run (/root/The.doctors-web-nextJs-front/node_modules/next/dist/server/base-server.js:621:29)
    at async NextNodeServer.handleRequest (/root/The.doctors-web-nextJs-front/node_modules/next/dist/server/base-server.js:317:20)
MissingStaticPage [Error]: Failed to load static file for page: /404 ENOENT: no such file or directory, open '/root/The.doctors-web-nextJs-front/.next/server/pages/404.html'
    at /root/The.doctors-web-nextJs-front/node_modules/next/dist/server/require.js:58:19
    at async Promise.all (index 2)
    at async Object.loadComponents (/root/The.doctors-web-nextJs-front/node_modules/next/dist/server/load-components.js:53:49)
    at async NextNodeServer.findPageComponents (/root/The.doctors-web-nextJs-front/node_modules/next/dist/server/next-server.js:428:36)
    at async NextNodeServer.renderErrorToResponse (/root/The.doctors-web-nextJs-front/node_modules/next/dist/server/base-server.js:1254:26)
    at async NextNodeServer.pipe (/root/The.doctors-web-nextJs-front/node_modules/next/dist/server/base-server.js:643:25)
    at async Object.fn (/root/The.doctors-web-nextJs-front/node_modules/next/dist/server/base-server.js:496:21)
    at async Router.execute (/root/The.doctors-web-nextJs-front/node_modules/next/dist/server/router.js:213:36)
    at async NextNodeServer.run (/root/The.doctors-web-nextJs-front/node_modules/next/dist/server/base-server.js:621:29)
    at async NextNodeServer.handleRequest (/root/The.doctors-web-nextJs-front/node_modules/next/dist/server/base-server.js:317:20)
MissingStaticPage [Error]: Failed to load static file for page: /404 ENOENT: no such file or directory, open '/root/The.doctors-web-nextJs-front/.next/server/pages/404.html'
    at /root/The.doctors-web-nextJs-front/node_modules/next/dist/server/require.js:58:19
    at async Promise.all (index 2)
    at async Object.loadComponents (/root/The.doctors-web-nextJs-front/node_modules/next/dist/server/load-components.js:53:49)
    at async NextNodeServer.findPageComponents (/root/The.doctors-web-nextJs-front/node_modules/next/dist/server/next-server.js:428:36)
    at async NextNodeServer.renderErrorToResponse (/root/The.doctors-web-nextJs-front/node_modules/next/dist/server/base-server.js:1254:26)
    at async NextNodeServer.pipe (/root/The.doctors-web-nextJs-front/node_modules/next/dist/server/base-server.js:643:25)
    at async Object.fn (/root/The.doctors-web-nextJs-front/node_modules/next/dist/server/base-server.js:496:21)
    at async Router.execute (/root/The.doctors-web-nextJs-front/node_modules/next/dist/server/router.js:213:36)
    at async NextNodeServer.run (/root/The.doctors-web-nextJs-front/node_modules/next/dist/server/base-server.js:621:29)
    at async NextNodeServer.handleRequest (/root/The.doctors-web-nextJs-front/node_modules/next/dist/server/base-server.js:317:20)
MissingStaticPage [Error]: Failed to load static file for page: /404 ENOENT: no such file or directory, open '/root/The.doctors-web-nextJs-front/.next/server/pages/404.html'
    at /root/The.doctors-web-nextJs-front/node_modules/next/dist/server/require.js:58:19
    at async Promise.all (index 2)
    at async Object.loadComponents (/root/The.doctors-web-nextJs-front/node_modules/next/dist/server/load-components.js:53:49)
    at async NextNodeServer.findPageComponents (/root/The.doctors-web-nextJs-front/node_modules/next/dist/server/next-server.js:428:36)
    at async NextNodeServer.renderErrorToResponse (/root/The.doctors-web-nextJs-front/node_modules/next/dist/server/base-server.js:1254:26)
    at async NextNodeServer.pipe (/root/The.doctors-web-nextJs-front/node_modules/next/dist/server/base-server.js:643:25)
    at async Object.fn (/root/The.doctors-web-nextJs-front/node_modules/next/dist/server/base-server.js:496:21)
    at async Router.execute (/root/The.doctors-web-nextJs-front/node_modules/next/dist/server/router.js:213:36)
    at async NextNodeServer.run (/root/The.doctors-web-nextJs-front/node_modules/next/dist/server/base-server.js:621:29)
    at async NextNodeServer.handleRequest (/root/The.doctors-web-nextJs-front/node_modules/next/dist/server/base-server.js:317:20)
MissingStaticPage [Error]: Failed to load static file for page: /404 ENOENT: no such file or directory, open '/root/The.doctors-web-nextJs-front/.next/server/pages/404.html'
    at /root/The.doctors-web-nextJs-front/node_modules/next/dist/server/require.js:58:19
    at async Promise.all (index 2)
    at async Object.loadComponents (/root/The.doctors-web-nextJs-front/node_modules/next/dist/server/load-components.js:53:49)
    at async NextNodeServer.findPageComponents (/root/The.doctors-web-nextJs-front/node_modules/next/dist/server/next-server.js:428:36)
    at async NextNodeServer.renderErrorToResponse (/root/The.doctors-web-nextJs-front/node_modules/next/dist/server/base-server.js:1254:26)
    at async NextNodeServer.pipe (/root/The.doctors-web-nextJs-front/node_modules/next/dist/server/base-server.js:643:25)
    at async Object.fn (/root/The.doctors-web-nextJs-front/node_modules/next/dist/server/base-server.js:496:21)
    at async Router.execute (/root/The.doctors-web-nextJs-front/node_modules/next/dist/server/router.js:213:36)
    at async NextNodeServer.run (/root/The.doctors-web-nextJs-front/node_modules/next/dist/server/base-server.js:621:29)
    at async NextNodeServer.handleRequest (/root/The.doctors-web-nextJs-front/node_modules/next/dist/server/base-server.js:317:20)
MissingStaticPage [Error]: Failed to load static file for page: /404 ENOENT: no such file or directory, open '/root/The.doctors-web-nextJs-front/.next/server/pages/404.html'
    at /root/The.doctors-web-nextJs-front/node_modules/next/dist/server/require.js:58:19
    at async Promise.all (index 2)
    at async Object.loadComponents (/root/The.doctors-web-nextJs-front/node_modules/next/dist/server/load-components.js:53:49)
    at async NextNodeServer.findPageComponents (/root/The.doctors-web-nextJs-front/node_modules/next/dist/server/next-server.js:428:36)
    at async NextNodeServer.renderErrorToResponse (/root/The.doctors-web-nextJs-front/node_modules/next/dist/server/base-server.js:1254:26)
    at async NextNodeServer.pipe (/root/The.doctors-web-nextJs-front/node_modules/next/dist/server/base-server.js:643:25)
    at async Object.fn (/root/The.doctors-web-nextJs-front/node_modules/next/dist/server/base-server.js:496:21)
    at async Router.execute (/root/The.doctors-web-nextJs-front/node_modules/next/dist/server/router.js:213:36)
    at async NextNodeServer.run (/root/The.doctors-web-nextJs-front/node_modules/next/dist/server/base-server.js:621:29)
    at async NextNodeServer.handleRequest (/root/The.doctors-web-nextJs-front/node_modules/next/dist/server/base-server.js:317:20)
MissingStaticPage [Error]: Failed to load static file for page: /404 ENOENT: no such file or directory, open '/root/The.doctors-web-nextJs-front/.next/server/pages/404.html'
    at /root/The.doctors-web-nextJs-front/node_modules/next/dist/server/require.js:58:19
    at async Promise.all (index 2)
    at async Object.loadComponents (/root/The.doctors-web-nextJs-front/node_modules/next/dist/server/load-components.js:53:49)
    at async NextNodeServer.findPageComponents (/root/The.doctors-web-nextJs-front/node_modules/next/dist/server/next-server.js:428:36)
    at async NextNodeServer.renderErrorToResponse (/root/The.doctors-web-nextJs-front/node_modules/next/dist/server/base-server.js:1254:26)
    at async NextNodeServer.pipe (/root/The.doctors-web-nextJs-front/node_modules/next/dist/server/base-server.js:643:25)
    at async Object.fn (/root/The.doctors-web-nextJs-front/node_modules/next/dist/server/base-server.js:496:21)
    at async Router.execute (/root/The.doctors-web-nextJs-front/node_modules/next/dist/server/router.js:213:36)
    at async NextNodeServer.run (/root/The.doctors-web-nextJs-front/node_modules/next/dist/server/base-server.js:621:29)
    at async NextNodeServer.handleRequest (/root/The.doctors-web-nextJs-front/node_modules/next/dist/server/base-server.js:317:20)
MissingStaticPage [Error]: Failed to load static file for page: /404 ENOENT: no such file or directory, open '/root/The.doctors-web-nextJs-front/.next/server/pages/404.html'
    at /root/The.doctors-web-nextJs-front/node_modules/next/dist/server/require.js:58:19
    at async Promise.all (index 2)
    at async Object.loadComponents (/root/The.doctors-web-nextJs-front/node_modules/next/dist/server/load-components.js:53:49)
    at async NextNodeServer.findPageComponents (/root/The.doctors-web-nextJs-front/node_modules/next/dist/server/next-server.js:428:36)
    at async NextNodeServer.renderErrorToResponse (/root/The.doctors-web-nextJs-front/node_modules/next/dist/server/base-server.js:1254:26)
    at async NextNodeServer.pipe (/root/The.doctors-web-nextJs-front/node_modules/next/dist/server/base-server.js:643:25)
    at async Object.fn (/root/The.doctors-web-nextJs-front/node_modules/next/dist/server/base-server.js:496:21)
    at async Router.execute (/root/The.doctors-web-nextJs-front/node_modules/next/dist/server/router.js:213:36)
    at async NextNodeServer.run (/root/The.doctors-web-nextJs-front/node_modules/next/dist/server/base-server.js:621:29)
    at async NextNodeServer.handleRequest (/root/The.doctors-web-nextJs-front/node_modules/next/dist/server/base-server.js:317:20)
MissingStaticPage [Error]: Failed to load static file for page: /404 ENOENT: no such file or directory, open '/root/The.doctors-web-nextJs-front/.next/server/pages/404.html'
    at /root/The.doctors-web-nextJs-front/node_modules/next/dist/server/require.js:58:19
    at async Promise.all (index 2)
    at async Object.loadComponents (/root/The.doctors-web-nextJs-front/node_modules/next/dist/server/load-components.js:53:49)
    at async NextNodeServer.findPageComponents (/root/The.doctors-web-nextJs-front/node_modules/next/dist/server/next-server.js:428:36)
    at async NextNodeServer.renderErrorToResponse (/root/The.doctors-web-nextJs-front/node_modules/next/dist/server/base-server.js:1254:26)
    at async NextNodeServer.pipe (/root/The.doctors-web-nextJs-front/node_modules/next/dist/server/base-server.js:643:25)
    at async Object.fn (/root/The.doctors-web-nextJs-front/node_modules/next/dist/server/base-server.js:496:21)
    at async Router.execute (/root/The.doctors-web-nextJs-front/node_modules/next/dist/server/router.js:213:36)
    at async NextNodeServer.run (/root/The.doctors-web-nextJs-front/node_modules/next/dist/server/base-server.js:621:29)
    at async NextNodeServer.handleRequest (/root/The.doctors-web-nextJs-front/node_modules/next/dist/server/base-server.js:317:20)
MissingStaticPage [Error]: Failed to load static file for page: /404 ENOENT: no such file or directory, open '/root/The.doctors-web-nextJs-front/.next/server/pages/404.html'
    at /root/The.doctors-web-nextJs-front/node_modules/next/dist/server/require.js:58:19
    at async Promise.all (index 2)
    at async Object.loadComponents (/root/The.doctors-web-nextJs-front/node_modules/next/dist/server/load-components.js:53:49)
    at async NextNodeServer.findPageComponents (/root/The.doctors-web-nextJs-front/node_modules/next/dist/server/next-server.js:428:36)
    at async NextNodeServer.renderErrorToResponse (/root/The.doctors-web-nextJs-front/node_modules/next/dist/server/base-server.js:1254:26)
    at async NextNodeServer.pipe (/root/The.doctors-web-nextJs-front/node_modules/next/dist/server/base-server.js:643:25)
    at async Object.fn (/root/The.doctors-web-nextJs-front/node_modules/next/dist/server/base-server.js:496:21)
    at async Router.execute (/root/The.doctors-web-nextJs-front/node_modules/next/dist/server/router.js:213:36)
    at async NextNodeServer.run (/root/The.doctors-web-nextJs-front/node_modules/next/dist/server/base-server.js:621:29)
    at async NextNodeServer.handleRequest (/root/The.doctors-web-nextJs-front/node_modules/next/dist/server/base-server.js:317:20)
MissingStaticPage [Error]: Failed to load static file for page: /404 ENOENT: no such file or directory, open '/root/The.doctors-web-nextJs-front/.next/server/pages/404.html'
    at /root/The.doctors-web-nextJs-front/node_modules/next/dist/server/require.js:58:19
    at async Promise.all (index 2)
    at async Object.loadComponents (/root/The.doctors-web-nextJs-front/node_modules/next/dist/server/load-components.js:53:49)
    at async NextNodeServer.findPageComponents (/root/The.doctors-web-nextJs-front/node_modules/next/dist/server/next-server.js:428:36)
    at async NextNodeServer.renderErrorToResponse (/root/The.doctors-web-nextJs-front/node_modules/next/dist/server/base-server.js:1254:26)
    at async NextNodeServer.pipe (/root/The.doctors-web-nextJs-front/node_modules/next/dist/server/base-server.js:643:25)
    at async Object.fn (/root/The.doctors-web-nextJs-front/node_modules/next/dist/server/base-server.js:496:21)
    at async Router.execute (/root/The.doctors-web-nextJs-front/node_modules/next/dist/server/router.js:213:36)
    at async NextNodeServer.run (/root/The.doctors-web-nextJs-front/node_modules/next/dist/server/base-server.js:621:29)
    at async NextNodeServer.handleRequest (/root/The.doctors-web-nextJs-front/node_modules/next/dist/server/base-server.js:317:20)
MissingStaticPage [Error]: Failed to load static file for page: /404 ENOENT: no such file or directory, open '/root/The.doctors-web-nextJs-front/.next/server/pages/404.html'
    at /root/The.doctors-web-nextJs-front/node_modules/next/dist/server/require.js:58:19
    at async Promise.all (index 2)
    at async Object.loadComponents (/root/The.doctors-web-nextJs-front/node_modules/next/dist/server/load-components.js:53:49)
    at async NextNodeServer.findPageComponents (/root/The.doctors-web-nextJs-front/node_modules/next/dist/server/next-server.js:428:36)
    at async NextNodeServer.renderErrorToResponse (/root/The.doctors-web-nextJs-front/node_modules/next/dist/server/base-server.js:1254:26)
    at async NextNodeServer.pipe (/root/The.doctors-web-nextJs-front/node_modules/next/dist/server/base-server.js:643:25)
    at async Object.fn (/root/The.doctors-web-nextJs-front/node_modules/next/dist/server/base-server.js:496:21)
    at async Router.execute (/root/The.doctors-web-nextJs-front/node_modules/next/dist/server/router.js:213:36)
    at async NextNodeServer.run (/root/The.doctors-web-nextJs-front/node_modules/next/dist/server/base-server.js:621:29)
    at async NextNodeServer.handleRequest (/root/The.doctors-web-nextJs-front/node_modules/next/dist/server/base-server.js:317:20)
MissingStaticPage [Error]: Failed to load static file for page: /404 ENOENT: no such file or directory, open '/root/The.doctors-web-nextJs-front/.next/server/pages/404.html'
    at /root/The.doctors-web-nextJs-front/node_modules/next/dist/server/require.js:58:19
    at async Promise.all (index 2)
    at async Object.loadComponents (/root/The.doctors-web-nextJs-front/node_modules/next/dist/server/load-components.js:53:49)
    at async NextNodeServer.findPageComponents (/root/The.doctors-web-nextJs-front/node_modules/next/dist/server/next-server.js:428:36)
    at async NextNodeServer.renderErrorToResponse (/root/The.doctors-web-nextJs-front/node_modules/next/dist/server/base-server.js:1254:26)
    at async NextNodeServer.pipe (/root/The.doctors-web-nextJs-front/node_modules/next/dist/server/base-server.js:643:25)
    at async Object.fn (/root/The.doctors-web-nextJs-front/node_modules/next/dist/server/base-server.js:496:21)
    at async Router.execute (/root/The.doctors-web-nextJs-front/node_modules/next/dist/server/router.js:213:36)
    at async NextNodeServer.run (/root/The.doctors-web-nextJs-front/node_modules/next/dist/server/base-server.js:621:29)
    at async NextNodeServer.handleRequest (/root/The.doctors-web-nextJs-front/node_modules/next/dist/server/base-server.js:317:20)
MissingStaticPage [Error]: Failed to load static file for page: /404 ENOENT: no such file or directory, open '/root/The.doctors-web-nextJs-front/.next/server/pages/404.html'
    at /root/The.doctors-web-nextJs-front/node_modules/next/dist/server/require.js:58:19
    at async Promise.all (index 2)
    at async Object.loadComponents (/root/The.doctors-web-nextJs-front/node_modules/next/dist/server/load-components.js:53:49)
    at async NextNodeServer.findPageComponents (/root/The.doctors-web-nextJs-front/node_modules/next/dist/server/next-server.js:428:36)
    at async NextNodeServer.renderErrorToResponse (/root/The.doctors-web-nextJs-front/node_modules/next/dist/server/base-server.js:1254:26)
    at async NextNodeServer.pipe (/root/The.doctors-web-nextJs-front/node_modules/next/dist/server/base-server.js:643:25)
    at async Object.fn (/root/The.doctors-web-nextJs-front/node_modules/next/dist/server/base-server.js:496:21)
    at async Router.execute (/root/The.doctors-web-nextJs-front/node_modules/next/dist/server/router.js:213:36)
    at async NextNodeServer.run (/root/The.doctors-web-nextJs-front/node_modules/next/dist/server/base-server.js:621:29)
    at async NextNodeServer.handleRequest (/root/The.doctors-web-nextJs-front/node_modules/next/dist/server/base-server.js:317:20)
Killed
